[33mÔØ»[39m Building...
[32mÔ£ö[39m Building...
[1mInitial chunk files[22m                   [2m | [22m[1mNames[22m                              [2m | [22m [1mRaw size[22m
[32mchunk-JJZ56XCE.js[39m                     [2m | [22m[2m-[22m                                  [2m | [22m  [36m2.22 MB[39m[2m | [22m
[32mpolyfills.js[39m                          [2m | [22m[2mpolyfills[22m                          [2m | [22m[36m918.84 kB[39m[2m | [22m
[32mspec-calculator-form.component.spec.js[39m[2m | [22m[2mspec-calculator-form.component.spec[22m[2m | [22m[36m880.96 kB[39m[2m | [22m
[32mchunk-3XSUSEMU.js[39m                     [2m | [22m[2m-[22m                                  [2m | [22m[36m234.67 kB[39m[2m | [22m
[32mspec-app.spec.js[39m                      [2m | [22m[2mspec-app.spec[22m                      [2m | [22m[36m208.39 kB[39m[2m | [22m
[32mstyles.css[39m                            [2m | [22m[2mstyles[22m                             [2m | [22m[36m110.23 kB[39m[2m | [22m
[32mtest_main.js[39m                          [2m | [22m[2mtest_main[22m                          [2m | [22m [36m21.69 kB[39m[2m | [22m
[32mchunk-TJL5A2ME.js[39m                     [2m | [22m[2m-[22m                                  [2m | [22m  [36m1.94 kB[39m[2m | [22m
[32mspec-calculation.service.spec.js[39m      [2m | [22m[2mspec-calculation.service.spec[22m      [2m | [22m  [36m1.56 kB[39m[2m | [22m
[32mjasmine-cleanup-0.js[39m                  [2m | [22m[2mjasmine-cleanup-0[22m                  [2m | [22m[36m519 bytes[39m[2m | [22m

[1m [22m                                     [2m | [22m[1mInitial total[22m                      [2m | [22m  [1m4.59 MB[22m

Application bundle generation complete. [3.446 seconds]

[32m24 11 2025 02:23:55.175:INFO [karma-server]: [39mKarma v6.4.4 server started at http://localhost:9876/
[32m24 11 2025 02:23:55.178:INFO [launcher]: [39mLaunching browsers ChromeHeadless with concurrency unlimited
[32m24 11 2025 02:23:55.188:INFO [launcher]: [39mStarting browser ChromeHeadless
[32m24 11 2025 02:23:56.419:INFO [Chrome Headless 142.0.0.0 (Windows 10)]: [39mConnected on socket yIIdiVoYEPVsb3PoAAAB with id 64124794
Chrome Headless 142.0.0.0 (Windows 10): Executed 0 of 12[32m SUCCESS[39m (0 secs / 0 secs)
[1A[2K[31mChrome Headless 142.0.0.0 (Windows 10) CalculatorFormComponent should calculate when form is valid FAILED[39m
	Error: NG0908: In this configuration Angular requires Zone.js
	error properties: Object({ code: 908 })
	    at new _NgZone (node_modules/@angular/core/fesm2022/debug_node-JnOYh9kg.mjs:16277:19)
	    at Object.ngZoneFactory [as useFactory] (node_modules/@angular/core/fesm2022/debug_node-JnOYh9kg.mjs:29501:29)
	    at Object.factory (node_modules/@angular/core/fesm2022/root_effect_scheduler-DCy1y1b8.mjs:2198:38)
	    at node_modules/@angular/core/fesm2022/root_effect_scheduler-DCy1y1b8.mjs:2095:47
	    at runInInjectorProfilerContext (node_modules/@angular/core/fesm2022/root_effect_scheduler-DCy1y1b8.mjs:720:9)
	    at R3Injector.hydrate (node_modules/@angular/core/fesm2022/root_effect_scheduler-DCy1y1b8.mjs:2093:21)
	    at R3Injector.get (node_modules/@angular/core/fesm2022/root_effect_scheduler-DCy1y1b8.mjs:1957:33)
	    at R3Injector.retrieve (node_modules/@angular/core/fesm2022/root_effect_scheduler-DCy1y1b8.mjs:1853:25)
	    at injectInjectorOnly (node_modules/@angular/core/fesm2022/root_effect_scheduler-DCy1y1b8.mjs:945:39)
	    at ╔Á╔Áinject (node_modules/@angular/core/fesm2022/root_effect_scheduler-DCy1y1b8.mjs:957:42)
Chrome Headless 142.0.0.0 (Windows 10): Executed 1 of 12[31m (1 FAILED)[39m (0 secs / 0.036 secs)
[1A[2K[31mChrome Headless 142.0.0.0 (Windows 10) CalculatorFormComponent should create FAILED[39m
	Error: NG0908: In this configuration Angular requires Zone.js
	error properties: Object({ code: 908 })
	    at new _NgZone (node_modules/@angular/core/fesm2022/debug_node-JnOYh9kg.mjs:16277:19)
	    at Object.ngZoneFactory [as useFactory] (node_modules/@angular/core/fesm2022/debug_node-JnOYh9kg.mjs:29501:29)
	    at Object.factory (node_modules/@angular/core/fesm2022/root_effect_scheduler-DCy1y1b8.mjs:2198:38)
	    at node_modules/@angular/core/fesm2022/root_effect_scheduler-DCy1y1b8.mjs:2095:47
	    at runInInjectorProfilerContext (node_modules/@angular/core/fesm2022/root_effect_scheduler-DCy1y1b8.mjs:720:9)
	    at R3Injector.hydrate (node_modules/@angular/core/fesm2022/root_effect_scheduler-DCy1y1b8.mjs:2093:21)
	    at R3Injector.get (node_modules/@angular/core/fesm2022/root_effect_scheduler-DCy1y1b8.mjs:1957:33)
	    at R3Injector.retrieve (node_modules/@angular/core/fesm2022/root_effect_scheduler-DCy1y1b8.mjs:1853:25)
	    at injectInjectorOnly (node_modules/@angular/core/fesm2022/root_effect_scheduler-DCy1y1b8.mjs:945:39)
	    at ╔Á╔Áinject (node_modules/@angular/core/fesm2022/root_effect_scheduler-DCy1y1b8.mjs:957:42)
Chrome Headless 142.0.0.0 (Windows 10): Executed 2 of 12[31m (2 FAILED)[39m (0 secs / 0.039 secs)
[1A[2K[31mChrome Headless 142.0.0.0 (Windows 10) CalculatorFormComponent should have invalid form when empty FAILED[39m
	Error: NG0908: In this configuration Angular requires Zone.js
	error properties: Object({ code: 908 })
	    at new _NgZone (node_modules/@angular/core/fesm2022/debug_node-JnOYh9kg.mjs:16277:19)
	    at Object.ngZoneFactory [as useFactory] (node_modules/@angular/core/fesm2022/debug_node-JnOYh9kg.mjs:29501:29)
	    at Object.factory (node_modules/@angular/core/fesm2022/root_effect_scheduler-DCy1y1b8.mjs:2198:38)
	    at node_modules/@angular/core/fesm2022/root_effect_scheduler-DCy1y1b8.mjs:2095:47
	    at runInInjectorProfilerContext (node_modules/@angular/core/fesm2022/root_effect_scheduler-DCy1y1b8.mjs:720:9)
	    at R3Injector.hydrate (node_modules/@angular/core/fesm2022/root_effect_scheduler-DCy1y1b8.mjs:2093:21)
	    at R3Injector.get (node_modules/@angular/core/fesm2022/root_effect_scheduler-DCy1y1b8.mjs:1957:33)
	    at R3Injector.retrieve (node_modules/@angular/core/fesm2022/root_effect_scheduler-DCy1y1b8.mjs:1853:25)
	    at injectInjectorOnly (node_modules/@angular/core/fesm2022/root_effect_scheduler-DCy1y1b8.mjs:945:39)
	    at ╔Á╔Áinject (node_modules/@angular/core/fesm2022/root_effect_scheduler-DCy1y1b8.mjs:957:42)
Chrome Headless 142.0.0.0 (Windows 10): Executed 3 of 12[31m (3 FAILED)[39m (0 secs / 0.042 secs)
[1A[2K[31mChrome Headless 142.0.0.0 (Windows 10) CalculationService computeCostInHours should calculate cost in hours correctly FAILED[39m
	Error: NG0908: In this configuration Angular requires Zone.js
	error properties: Object({ code: 908 })
	    at new _NgZone (node_modules/@angular/core/fesm2022/debug_node-JnOYh9kg.mjs:16277:19)
	    at Object.ngZoneFactory [as useFactory] (node_modules/@angular/core/fesm2022/debug_node-JnOYh9kg.mjs:29501:29)
	    at Object.factory (node_modules/@angular/core/fesm2022/root_effect_scheduler-DCy1y1b8.mjs:2198:38)
	    at node_modules/@angular/core/fesm2022/root_effect_scheduler-DCy1y1b8.mjs:2095:47
	    at runInInjectorProfilerContext (node_modules/@angular/core/fesm2022/root_effect_scheduler-DCy1y1b8.mjs:720:9)
	    at R3Injector.hydrate (node_modules/@angular/core/fesm2022/root_effect_scheduler-DCy1y1b8.mjs:2093:21)
	    at R3Injector.get (node_modules/@angular/core/fesm2022/root_effect_scheduler-DCy1y1b8.mjs:1957:33)
	    at R3Injector.retrieve (node_modules/@angular/core/fesm2022/root_effect_scheduler-DCy1y1b8.mjs:1853:25)
	    at injectInjectorOnly (node_modules/@angular/core/fesm2022/root_effect_scheduler-DCy1y1b8.mjs:945:39)
	    at ╔Á╔Áinject (node_modules/@angular/core/fesm2022/root_effect_scheduler-DCy1y1b8.mjs:957:42)
Chrome Headless 142.0.0.0 (Windows 10): Executed 4 of 12[31m (4 FAILED)[39m (0 secs / 0.045 secs)
[1A[2K[31mChrome Headless 142.0.0.0 (Windows 10) CalculationService computeCostInHours should return 0 for free items FAILED[39m
	Error: NG0908: In this configuration Angular requires Zone.js
	error properties: Object({ code: 908 })
	    at new _NgZone (node_modules/@angular/core/fesm2022/debug_node-JnOYh9kg.mjs:16277:19)
	    at Object.ngZoneFactory [as useFactory] (node_modules/@angular/core/fesm2022/debug_node-JnOYh9kg.mjs:29501:29)
	    at Object.factory (node_modules/@angular/core/fesm2022/root_effect_scheduler-DCy1y1b8.mjs:2198:38)
	    at node_modules/@angular/core/fesm2022/root_effect_scheduler-DCy1y1b8.mjs:2095:47
	    at runInInjectorProfilerContext (node_modules/@angular/core/fesm2022/root_effect_scheduler-DCy1y1b8.mjs:720:9)
	    at R3Injector.hydrate (node_modules/@angular/core/fesm2022/root_effect_scheduler-DCy1y1b8.mjs:2093:21)
	    at R3Injector.get (node_modules/@angular/core/fesm2022/root_effect_scheduler-DCy1y1b8.mjs:1957:33)
	    at R3Injector.retrieve (node_modules/@angular/core/fesm2022/root_effect_scheduler-DCy1y1b8.mjs:1853:25)
	    at injectInjectorOnly (node_modules/@angular/core/fesm2022/root_effect_scheduler-DCy1y1b8.mjs:945:39)
	    at ╔Á╔Áinject (node_modules/@angular/core/fesm2022/root_effect_scheduler-DCy1y1b8.mjs:957:42)
Chrome Headless 142.0.0.0 (Windows 10): Executed 5 of 12[31m (5 FAILED)[39m (0 secs / 0.047 secs)
[1A[2K[31mChrome Headless 142.0.0.0 (Windows 10) CalculationService computeHoursPerEuro should throw error for zero or negative wage FAILED[39m
	Error: NG0908: In this configuration Angular requires Zone.js
	error properties: Object({ code: 908 })
	    at new _NgZone (node_modules/@angular/core/fesm2022/debug_node-JnOYh9kg.mjs:16277:19)
	    at Object.ngZoneFactory [as useFactory] (node_modules/@angular/core/fesm2022/debug_node-JnOYh9kg.mjs:29501:29)
	    at Object.factory (node_modules/@angular/core/fesm2022/root_effect_scheduler-DCy1y1b8.mjs:2198:38)
	    at node_modules/@angular/core/fesm2022/root_effect_scheduler-DCy1y1b8.mjs:2095:47
	    at runInInjectorProfilerContext (node_modules/@angular/core/fesm2022/root_effect_scheduler-DCy1y1b8.mjs:720:9)
	    at R3Injector.hydrate (node_modules/@angular/core/fesm2022/root_effect_scheduler-DCy1y1b8.mjs:2093:21)
	    at R3Injector.get (node_modules/@angular/core/fesm2022/root_effect_scheduler-DCy1y1b8.mjs:1957:33)
	    at R3Injector.retrieve (node_modules/@angular/core/fesm2022/root_effect_scheduler-DCy1y1b8.mjs:1853:25)
	    at injectInjectorOnly (node_modules/@angular/core/fesm2022/root_effect_scheduler-DCy1y1b8.mjs:945:39)
	    at ╔Á╔Áinject (node_modules/@angular/core/fesm2022/root_effect_scheduler-DCy1y1b8.mjs:957:42)
Chrome Headless 142.0.0.0 (Windows 10): Executed 6 of 12[31m (6 FAILED)[39m (0 secs / 0.049 secs)
[1A[2K[31mChrome Headless 142.0.0.0 (Windows 10) CalculationService computeHoursPerEuro should return Infinity if expenses exceed income FAILED[39m
	Error: NG0908: In this configuration Angular requires Zone.js
	error properties: Object({ code: 908 })
	    at new _NgZone (node_modules/@angular/core/fesm2022/debug_node-JnOYh9kg.mjs:16277:19)
	    at Object.ngZoneFactory [as useFactory] (node_modules/@angular/core/fesm2022/debug_node-JnOYh9kg.mjs:29501:29)
	    at Object.factory (node_modules/@angular/core/fesm2022/root_effect_scheduler-DCy1y1b8.mjs:2198:38)
	    at node_modules/@angular/core/fesm2022/root_effect_scheduler-DCy1y1b8.mjs:2095:47
	    at runInInjectorProfilerContext (node_modules/@angular/core/fesm2022/root_effect_scheduler-DCy1y1b8.mjs:720:9)
	    at R3Injector.hydrate (node_modules/@angular/core/fesm2022/root_effect_scheduler-DCy1y1b8.mjs:2093:21)
	    at R3Injector.get (node_modules/@angular/core/fesm2022/root_effect_scheduler-DCy1y1b8.mjs:1957:33)
	    at R3Injector.retrieve (node_modules/@angular/core/fesm2022/root_effect_scheduler-DCy1y1b8.mjs:1853:25)
	    at injectInjectorOnly (node_modules/@angular/core/fesm2022/root_effect_scheduler-DCy1y1b8.mjs:945:39)
	    at ╔Á╔Áinject (node_modules/@angular/core/fesm2022/root_effect_scheduler-DCy1y1b8.mjs:957:42)
Chrome Headless 142.0.0.0 (Windows 10): Executed 7 of 12[31m (7 FAILED)[39m (0 secs / 0.051 secs)
[1A[2K[31mChrome Headless 142.0.0.0 (Windows 10) CalculationService computeHoursPerEuro should calculate hours per euro correctly with expenses FAILED[39m
	Error: NG0908: In this configuration Angular requires Zone.js
	error properties: Object({ code: 908 })
	    at new _NgZone (node_modules/@angular/core/fesm2022/debug_node-JnOYh9kg.mjs:16277:19)
	    at Object.ngZoneFactory [as useFactory] (node_modules/@angular/core/fesm2022/debug_node-JnOYh9kg.mjs:29501:29)
	    at Object.factory (node_modules/@angular/core/fesm2022/root_effect_scheduler-DCy1y1b8.mjs:2198:38)
	    at node_modules/@angular/core/fesm2022/root_effect_scheduler-DCy1y1b8.mjs:2095:47
	    at runInInjectorProfilerContext (node_modules/@angular/core/fesm2022/root_effect_scheduler-DCy1y1b8.mjs:720:9)
	    at R3Injector.hydrate (node_modules/@angular/core/fesm2022/root_effect_scheduler-DCy1y1b8.mjs:2093:21)
	    at R3Injector.get (node_modules/@angular/core/fesm2022/root_effect_scheduler-DCy1y1b8.mjs:1957:33)
	    at R3Injector.retrieve (node_modules/@angular/core/fesm2022/root_effect_scheduler-DCy1y1b8.mjs:1853:25)
	    at injectInjectorOnly (node_modules/@angular/core/fesm2022/root_effect_scheduler-DCy1y1b8.mjs:945:39)
	    at ╔Á╔Áinject (node_modules/@angular/core/fesm2022/root_effect_scheduler-DCy1y1b8.mjs:957:42)
Chrome Headless 142.0.0.0 (Windows 10): Executed 8 of 12[31m (8 FAILED)[39m (0 secs / 0.053 secs)
[1A[2K[31mChrome Headless 142.0.0.0 (Windows 10) CalculationService computeHoursPerEuro should calculate hours per euro correctly without expenses FAILED[39m
	Error: NG0908: In this configuration Angular requires Zone.js
	error properties: Object({ code: 908 })
	    at new _NgZone (node_modules/@angular/core/fesm2022/debug_node-JnOYh9kg.mjs:16277:19)
	    at Object.ngZoneFactory [as useFactory] (node_modules/@angular/core/fesm2022/debug_node-JnOYh9kg.mjs:29501:29)
	    at Object.factory (node_modules/@angular/core/fesm2022/root_effect_scheduler-DCy1y1b8.mjs:2198:38)
	    at node_modules/@angular/core/fesm2022/root_effect_scheduler-DCy1y1b8.mjs:2095:47
	    at runInInjectorProfilerContext (node_modules/@angular/core/fesm2022/root_effect_scheduler-DCy1y1b8.mjs:720:9)
	    at R3Injector.hydrate (node_modules/@angular/core/fesm2022/root_effect_scheduler-DCy1y1b8.mjs:2093:21)
	    at R3Injector.get (node_modules/@angular/core/fesm2022/root_effect_scheduler-DCy1y1b8.mjs:1957:33)
	    at R3Injector.retrieve (node_modules/@angular/core/fesm2022/root_effect_scheduler-DCy1y1b8.mjs:1853:25)
	    at injectInjectorOnly (node_modules/@angular/core/fesm2022/root_effect_scheduler-DCy1y1b8.mjs:945:39)
	    at ╔Á╔Áinject (node_modules/@angular/core/fesm2022/root_effect_scheduler-DCy1y1b8.mjs:957:42)
Chrome Headless 142.0.0.0 (Windows 10): Executed 9 of 12[31m (9 FAILED)[39m (0 secs / 0.055 secs)
[1A[2K[31mChrome Headless 142.0.0.0 (Windows 10) CalculationService should be created FAILED[39m
	Error: NG0908: In this configuration Angular requires Zone.js
	error properties: Object({ code: 908 })
	    at new _NgZone (node_modules/@angular/core/fesm2022/debug_node-JnOYh9kg.mjs:16277:19)
	    at Object.ngZoneFactory [as useFactory] (node_modules/@angular/core/fesm2022/debug_node-JnOYh9kg.mjs:29501:29)
	    at Object.factory (node_modules/@angular/core/fesm2022/root_effect_scheduler-DCy1y1b8.mjs:2198:38)
	    at node_modules/@angular/core/fesm2022/root_effect_scheduler-DCy1y1b8.mjs:2095:47
	    at runInInjectorProfilerContext (node_modules/@angular/core/fesm2022/root_effect_scheduler-DCy1y1b8.mjs:720:9)
	    at R3Injector.hydrate (node_modules/@angular/core/fesm2022/root_effect_scheduler-DCy1y1b8.mjs:2093:21)
	    at R3Injector.get (node_modules/@angular/core/fesm2022/root_effect_scheduler-DCy1y1b8.mjs:1957:33)
	    at R3Injector.retrieve (node_modules/@angular/core/fesm2022/root_effect_scheduler-DCy1y1b8.mjs:1853:25)
	    at injectInjectorOnly (node_modules/@angular/core/fesm2022/root_effect_scheduler-DCy1y1b8.mjs:945:39)
	    at ╔Á╔Áinject (node_modules/@angular/core/fesm2022/root_effect_scheduler-DCy1y1b8.mjs:957:42)
Chrome Headless 142.0.0.0 (Windows 10): Executed 10 of 12[31m (10 FAILED)[39m (0 secs / 0.057 secs)
[1A[2KChrome Headless 142.0.0.0 (Windows 10): Executed 11 of 12[31m (10 FAILED)[39m (0 secs / 0.075 secs)
[1A[2KChrome Headless 142.0.0.0 (Windows 10): Executed 12 of 12[31m (10 FAILED)[39m (0 secs / 0.079 secs)
[1A[2KChrome Headless 142.0.0.0 (Windows 10): Executed 12 of 12[31m (10 FAILED)[39m (0.1 secs / 0.079 secs)
[31mTOTAL: 10 FAILED, 2 SUCCESS[39m
